ASxxxx Linker V03.00 + NoICE + sdld,  page 1.
Hexadecimal  [32-Bits]

Area                                    Addr        Size        Decimal Bytes (Attributes)
--------------------------------        ----        ----        ------- ----- ------------
CABS                                00000000    00000000 =           0. bytes (ABS,CON,CODE)

      Value  Global                              Global Defined In Module
      -----  --------------------------------   ------------------------
C:   00000000  l_BIT_BANK                      
C:   00000000  l_BSEG                          
C:   00000000  l_BSEG_BYTES                    
C:   00000000  l_CABS                          
C:   00000000  l_GSINIT1                       
C:   00000000  l_GSINIT5                       
C:   00000000  l_IABS                          
C:   00000000  l_PSEG                          
C:   00000000  l_REG_BANK_1                    
C:   00000000  l_REG_BANK_2                    
C:   00000000  l_REG_BANK_3                    
C:   00000000  l_RSEG                          
C:   00000000  l_RSEG0                         
C:   00000000  l_RSEG1                         
C:   00000000  l_XABS                          
C:   00000000  l_XINIT                         
C:   00000000  l_XISEG                         
C:   00000000  l_XSEG                          
C:   00000000  l__CODE                         
C:   00000000  s_BSEG                          
C:   00000000  s_CABS                          
C:   00000000  s_DSEG                          
C:   00000000  s_HOME                          
C:   00000000  s_IABS                          
C:   00000000  s_REG_BANK_0                    
C:   00000000  s_RSEG                          
C:   00000000  s_RSEG0                         
C:   00000000  s_RSEG1                         
C:   00000000  s_XABS                          
C:   00000001  s_PSEG                          
C:   00000001  s_XISEG                         
C:   00000001  s_XSEG                          
C:   00000003  l_GSFINAL                       
C:   00000003  l_GSINIT0                       
C:   00000006  l_ISEG                          
C:   00000008  l_HOME                          
C:   00000008  l_REG_BANK_0                    
C:   00000008  s_GSINIT0                       
C:   00000008  s_REG_BANK_1                    
C:   0000000A  l_GSINIT2                       
C:   0000000B  s_GSINIT1                       
C:   0000000B  s_GSINIT2                       
C:   00000010  l_OSEG                          
C:   00000010  s_REG_BANK_2                    
C:   00000015  s_GSINIT3                       
C:   00000018  s_BIT_BANK                      
C:   00000018  s_REG_BANK_3                    
C:   00000020  s_BSEG_BYTES                    
C:   00000020  s__CODE                         
C:   00000022  l_GSINIT3                       
ASxxxx Linker V03.00 + NoICE + sdld,  page 2.
Hexadecimal  [32-Bits]

Area                                    Addr        Size        Decimal Bytes (Attributes)
--------------------------------        ----        ----        ------- ----- ------------
CABS                                00000000    00000000 =           0. bytes (ABS,CON,CODE)

      Value  Global                              Global Defined In Module
      -----  --------------------------------   ------------------------
C:   0000002A  l_GSINIT4                       
C:   0000002B  l_CONST                         
C:   00000037  s_GSINIT4                       
C:   0000003C  l_GSINIT                        
C:   0000004C  s_OSEG                          
C:   0000005C  s_ISEG                          
C:   00000061  s_GSINIT                        
C:   00000061  s_GSINIT5                       
C:   00000062  s_SSEG                          
C:   00000080  l_DSEG                          
C:   0000009D  s_GSFINAL                       
C:   0000009E  l_SSEG                          
C:   000000A0  s_CSEG                          
C:   00000100  l_IRAM                          
C:   00000A32  l_CSEG                          
C:   00000AD2  s_CONST                         
C:   00000AFD  s_XINIT                         

ASxxxx Linker V03.00 + NoICE + sdld,  page 3.
Hexadecimal  [32-Bits]

Area                                    Addr        Size        Decimal Bytes (Attributes)
--------------------------------        ----        ----        ------- ----- ------------
.  .ABS.                            00000000    00000000 =           0. bytes (ABS,CON)

      Value  Global                              Global Defined In Module
      -----  --------------------------------   ------------------------
     00000000  .__.ABS.                           _bp
     00000080  _P0                                delay
     00000080  _P00                               delay
     00000081  _P01                               delay
     00000081  _SP                                delay
     00000082  _DPL                               delay
     00000082  _P02                               delay
     00000083  _DPH                               delay
     00000083  _P03                               delay
     00000084  _P04                               delay
     00000085  _P05                               delay
     00000086  _P06                               delay
     00000087  _P07                               delay
     00000087  _PCON                              delay
     00000088  _IT0                               delay
     00000088  _TCON                              delay
     00000089  _IE0                               delay
     00000089  _TMOD                              delay
     0000008A  _IT1                               delay
     0000008A  _TL0                               delay
     0000008B  _IE1                               delay
     0000008B  _TL1                               delay
     0000008C  _TH0                               delay
     0000008C  _TR0                               delay
     0000008D  _TF0                               delay
     0000008D  _TH1                               delay
     0000008E  _TR1                               delay
     0000008F  _TF1                               delay
     00000090  _P1                                delay
     00000090  _P10                               delay
     00000090  _T2                                delay
     00000091  _P11                               delay
     00000091  _T2EX                              delay
     00000092  _P12                               delay
     00000093  _P13                               delay
     00000094  _P14                               delay
     00000095  _P15                               delay
     00000096  _P16                               delay
     00000097  _P17                               delay
     00000098  _RI                                delay
     00000098  _SCON                              delay
     00000099  _SBUF                              delay
     00000099  _TI                                delay
     0000009A  _RB8                               delay
     0000009B  _TB8                               delay
     0000009C  _REN                               delay
     0000009D  _SM2                               delay
     0000009E  _SM1                               delay
     0000009F  _SM0                               delay
     000000A0  _P2                                delay
ASxxxx Linker V03.00 + NoICE + sdld,  page 4.
Hexadecimal  [32-Bits]

Area                                    Addr        Size        Decimal Bytes (Attributes)
--------------------------------        ----        ----        ------- ----- ------------
.  .ABS.                            00000000    00000000 =           0. bytes (ABS,CON)

      Value  Global                              Global Defined In Module
      -----  --------------------------------   ------------------------
     000000A0  _P20                               delay
     000000A0  __XPAGE                            
     000000A1  _P21                               delay
     000000A2  _P22                               delay
     000000A3  _P23                               delay
     000000A4  _P24                               delay
     000000A5  _P25                               delay
     000000A6  _P26                               delay
     000000A7  _P27                               delay
     000000A8  _EX0                               delay
     000000A8  _IE                                delay
     000000A9  _ET0                               delay
     000000AA  _EX1                               delay
     000000AB  _ET1                               delay
     000000AC  _ES                                delay
     000000AD  _ET2                               delay
     000000AF  _EA                                delay
     000000B0  _P3                                delay
     000000B0  _P30                               delay
     000000B0  _RXD                               delay
     000000B1  _P31                               delay
     000000B1  _TXD                               delay
     000000B2  _INT0                              delay
     000000B2  _P32                               delay
     000000B3  _INT1                              delay
     000000B3  _P33                               delay
     000000B4  _P34                               delay
     000000B4  _T0                                delay
     000000B5  _P35                               delay
     000000B5  _T1                                delay
     000000B6  _P36                               delay
     000000B6  _WR                                delay
     000000B7  _P37                               delay
     000000B7  _RD                                delay
     000000B8  _IP                                delay
     000000B8  _PX0                               delay
     000000B9  _PT0                               delay
     000000BA  _PX1                               delay
     000000BB  _PT1                               delay
     000000BC  _PS                                delay
     000000BD  _PT2                               delay
     000000C8  _CP_RL2                            delay
     000000C8  _T2CON                             delay
     000000C9  _C_T2                              delay
     000000CA  _RCAP2L                            delay
     000000CA  _TR2                               delay
     000000CB  _EXEN2                             delay
     000000CB  _RCAP2H                            delay
     000000CC  _TCLK                              delay
     000000CC  _TL2                               delay
     000000CD  _RCLK                              delay
ASxxxx Linker V03.00 + NoICE + sdld,  page 5.
Hexadecimal  [32-Bits]

Area                                    Addr        Size        Decimal Bytes (Attributes)
--------------------------------        ----        ----        ------- ----- ------------
.  .ABS.                            00000000    00000000 =           0. bytes (ABS,CON)

      Value  Global                              Global Defined In Module
      -----  --------------------------------   ------------------------
     000000CD  _TH2                               delay
     000000CE  _EXF2                              delay
     000000CF  _TF2                               delay
     000000D0  _P                                 delay
     000000D0  _PSW                               delay
     000000D2  _OV                                delay
     000000D3  _RS0                               delay
     000000D4  _RS1                               delay
     000000D5  _F0                                delay
     000000D6  _AC                                delay
     000000D7  _CY                                delay
     000000E0  _ACC                               delay
     000000F0  _B                                 delay
     000000F5  _B_5                               _gptrget
     000000F6  _B_6                               _gptrget
     000000F7  _B_7                               _gptrget
ASxxxx Linker V03.00 + NoICE + sdld,  page 6.
Hexadecimal  [32-Bits]

Area                                    Addr        Size        Decimal Bytes (Attributes)
--------------------------------        ----        ----        ------- ----- ------------
REG_BANK_0                          00000000    00000008 =           8. bytes (REL,OVR)

      Value  Global                              Global Defined In Module
      -----  --------------------------------   ------------------------
ASxxxx Linker V03.00 + NoICE + sdld,  page 7.
Hexadecimal  [32-Bits]

Area                                    Addr        Size        Decimal Bytes (Attributes)
--------------------------------        ----        ----        ------- ----- ------------
DSEG                                00000000    00000080 =         128. bytes (REL,CON)

      Value  Global                              Global Defined In Module
      -----  --------------------------------   ------------------------
     00000008  _Serial                            main
     0000001C  _vprintf_PARM_2                    vprintf
     0000002A  __print_format_PARM_2              printf_large
     0000002D  __print_format_PARM_3              printf_large
     00000030  __print_format_PARM_4              printf_large
     0000004B  _bp                                _bp
ASxxxx Linker V03.00 + NoICE + sdld,  page 8.
Hexadecimal  [32-Bits]

Area                                    Addr        Size        Decimal Bytes (Attributes)
--------------------------------        ----        ----        ------- ----- ------------
OSEG                                0000004C    00000010 =          16. bytes (REL,OVR)

      Value  Global                              Global Defined In Module
      -----  --------------------------------   ------------------------
     0000004C  __divslong_PARM_2                  _divulong
     0000004C  __divulong_PARM_2                  _divulong
     0000004C  __mulint_PARM_2                    _mulint
ASxxxx Linker V03.00 + NoICE + sdld,  page 9.
Hexadecimal  [32-Bits]

Area                                    Addr        Size        Decimal Bytes (Attributes)
--------------------------------        ----        ----        ------- ----- ------------
ISEG                                0000005C    00000006 =           6. bytes (REL,CON)

      Value  Global                              Global Defined In Module
      -----  --------------------------------   ------------------------
ASxxxx Linker V03.00 + NoICE + sdld,  page 10.
Hexadecimal  [32-Bits]

Area                                    Addr        Size        Decimal Bytes (Attributes)
--------------------------------        ----        ----        ------- ----- ------------
SSEG                                00000062    0000009E =         158. bytes (REL,OVR)

      Value  Global                              Global Defined In Module
      -----  --------------------------------   ------------------------
     00000062  __start__stack                     main

ASxxxx Linker V03.00 + NoICE + sdld,  page 11.
Hexadecimal  [32-Bits]

Area                                    Addr        Size        Decimal Bytes (Attributes)
--------------------------------        ----        ----        ------- ----- ------------
HOME                                00000000    00000008 =           8. bytes (REL,CON,CODE)

      Value  Global                              Global Defined In Module
      -----  --------------------------------   ------------------------
C:   00000003  __sdcc_program_startup             main
C:   00000006  __sdcc_call_dptr                   

ASxxxx Linker V03.00 + NoICE + sdld,  page 12.
Hexadecimal  [32-Bits]

Area                                    Addr        Size        Decimal Bytes (Attributes)
--------------------------------        ----        ----        ------- ----- ------------
GSINIT0                             00000008    00000003 =           3. bytes (REL,CON,CODE)

      Value  Global                              Global Defined In Module
      -----  --------------------------------   ------------------------
C:   00000008  __sdcc_gsinit_startup              

ASxxxx Linker V03.00 + NoICE + sdld,  page 13.
Hexadecimal  [32-Bits]

Area                                    Addr        Size        Decimal Bytes (Attributes)
--------------------------------        ----        ----        ------- ----- ------------
GSINIT2                             0000000B    0000000A =          10. bytes (REL,CON,CODE)

      Value  Global                              Global Defined In Module
      -----  --------------------------------   ------------------------
ASxxxx Linker V03.00 + NoICE + sdld,  page 14.
Hexadecimal  [32-Bits]

Area                                    Addr        Size        Decimal Bytes (Attributes)
--------------------------------        ----        ----        ------- ----- ------------
GSINIT3                             00000015    00000022 =          34. bytes (REL,CON,CODE)

      Value  Global                              Global Defined In Module
      -----  --------------------------------   ------------------------
C:   00000015  __mcs51_genXINIT                   

ASxxxx Linker V03.00 + NoICE + sdld,  page 15.
Hexadecimal  [32-Bits]

Area                                    Addr        Size        Decimal Bytes (Attributes)
--------------------------------        ----        ----        ------- ----- ------------
GSINIT4                             00000037    0000002A =          42. bytes (REL,CON,CODE)

      Value  Global                              Global Defined In Module
      -----  --------------------------------   ------------------------
C:   00000037  __mcs51_genRAMCLEAR                
C:   0000003D  __mcs51_genXRAMCLEAR               

ASxxxx Linker V03.00 + NoICE + sdld,  page 16.
Hexadecimal  [32-Bits]

Area                                    Addr        Size        Decimal Bytes (Attributes)
--------------------------------        ----        ----        ------- ----- ------------
GSINIT                              00000061    0000003C =          60. bytes (REL,CON,CODE)

      Value  Global                              Global Defined In Module
      -----  --------------------------------   ------------------------
ASxxxx Linker V03.00 + NoICE + sdld,  page 17.
Hexadecimal  [32-Bits]

Area                                    Addr        Size        Decimal Bytes (Attributes)
--------------------------------        ----        ----        ------- ----- ------------
GSFINAL                             0000009D    00000003 =           3. bytes (REL,CON,CODE)

      Value  Global                              Global Defined In Module
      -----  --------------------------------   ------------------------
ASxxxx Linker V03.00 + NoICE + sdld,  page 18.
Hexadecimal  [32-Bits]

Area                                    Addr        Size        Decimal Bytes (Attributes)
--------------------------------        ----        ----        ------- ----- ------------
CSEG                                000000A0    00000A32 =        2610. bytes (REL,CON,CODE)

      Value  Global                              Global Defined In Module
      -----  --------------------------------   ------------------------
C:   000000A0  _SerialBegin                       main
C:   000000DF  _SerialEnd                         main
C:   000000E6  _SerialSetTimeout                  main
C:   000000FC  _SerialFlush                       main
C:   00000102  _SerialWrite                       main
C:   00000113  _SerialPrint                       main
C:   0000013E  _SerialPrintln                     main
C:   0000014A  _SerialRead                        main
C:   00000153  _SerialAvailable                   main
C:   0000015A  _putchar                           main
C:   00000166  _main                              main
C:   00000180  _setup                             main
C:   0000019D  _loop                              main
C:   00000212  __divulong                         _divulong
C:   00000277  _delay                             delay
C:   0000030E  _delayMicroseconds                 delay
C:   0000035E  _vprintf                           vprintf
C:   00000377  _printf                            vprintf
C:   00000438  __print_format                     printf_large
C:   00000A7D  _strlen                            _strlen
C:   00000A95  __mulint                           _mulint
C:   00000A95  __mulint_dummy                     _mulint
C:   00000AB2  __gptrget                          _gptrget
C:   00000ACE  __sdcc_external_startup            _startup
ASxxxx Linker V03.00 + NoICE + sdld,  page 19.
Hexadecimal  [32-Bits]

Area                                    Addr        Size        Decimal Bytes (Attributes)
--------------------------------        ----        ----        ------- ----- ------------
CONST                               00000AD2    0000002B =          43. bytes (REL,CON,CODE)

      Value  Global                              Global Defined In Module
      -----  --------------------------------   ------------------------
ASxxxx Linker V03.00 + NoICE + sdld,  page 20.

Files Linked                              [ module(s) ]

./build/Debug/src/main.rel                [  ]


Libraries Linked                          [ object file ]

/home/yuki/.platformio/packages/toolchain-sdcc/bin/../share/sdcc/lib/small/liblong.lib
                                          [ _divulong.rel ]
/home/yuki/.platformio/packages/toolchain-sdcc/bin/../share/sdcc/lib/small/mcs51.lib
                                          [ crtclear.rel ]
/home/yuki/.platformio/packages/toolchain-sdcc/bin/../share/sdcc/lib/small/mcs51.lib
                                          [ crtxinit.rel ]
/home/yuki/.platformio/packages/toolchain-sdcc/bin/../share/sdcc/lib/small/mcs51.lib
                                          [ crtxclear.rel ]
./build/Debug/no_entry_bundled.lib        [ delay.rel ]
/home/yuki/.platformio/packages/toolchain-sdcc/bin/../share/sdcc/lib/small/mcs51.lib
                                          [ crtcall.rel ]
/home/yuki/.platformio/packages/toolchain-sdcc/bin/../share/sdcc/lib/small/libsdcc.lib
                                          [ vprintf.rel ]
/home/yuki/.platformio/packages/toolchain-sdcc/bin/../share/sdcc/lib/small/libsdcc.lib
                                          [ printf_large.rel ]
/home/yuki/.platformio/packages/toolchain-sdcc/bin/../share/sdcc/lib/small/mcs51.lib
                                          [ crtpagesfr.rel ]
/home/yuki/.platformio/packages/toolchain-sdcc/bin/../share/sdcc/lib/small/libsdcc.lib
                                          [ _strlen.rel ]
/home/yuki/.platformio/packages/toolchain-sdcc/bin/../share/sdcc/lib/small/libint.lib
                                          [ _mulint.rel ]
/home/yuki/.platformio/packages/toolchain-sdcc/bin/../share/sdcc/lib/small/mcs51.lib
                                          [ crtstart.rel ]
/home/yuki/.platformio/packages/toolchain-sdcc/bin/../share/sdcc/lib/small/libsdcc.lib
                                          [ _gptrget.rel ]
/home/yuki/.platformio/packages/toolchain-sdcc/bin/../share/sdcc/lib/small/libsdcc.lib
                                          [ _startup.rel ]
/home/yuki/.platformio/packages/toolchain-sdcc/bin/../share/sdcc/lib/small/libsdcc.lib
                                          [ _bp.rel ]

ASxxxx Linker V03.00 + NoICE + sdld,  page 21.

User Base Address Definitions

HOME = 0x0000
XSEG = 0x0001
PSEG = 0x0001
ISEG = 0x0000
BSEG = 0x0000

